>output thread_0_counter
2913840557
>output thread_1_counter
2913840557
>output thread_2_counter
2913840557
>output thread_3_counter
2913840557
>output thread_4_counter
2913840557
>output thread_5_counter
2913840557
>output thread_6_counter
2913840557
>output thread_7_counter
2913840557
>log file
Stopped duplicating logging output
